mvn : WARNING: A terminally deprecated method in sun.misc.Unsafe has been calle
d
строка:1 знак:49
+ ... IdeaProjects\oshxona" ; mvn compile 2>&1 > compile_output.txt ; Get-C ...
+                             ~~~~~~~~~~~~~~~~~~~~~~~~~~~~~~~~~~~~~
    + CategoryInfo          : NotSpecified: (WARNING: A term...has been called 
   :String) [], RemoteException
    + FullyQualifiedErrorId : NativeCommandError
 
WARNING: sun.misc.Unsafe::staticFieldBase has been called by com.google.inject.
internal.aop.HiddenClassDefiner (file:/C:/Program%20Files/Apache/Maven/apache-m
aven-3.9.6/apache-maven-3.9.11/lib/guice-5.1.0-classes.jar)
WARNING: Please consider reporting this to the maintainers of class com.google.
inject.internal.aop.HiddenClassDefiner
WARNING: sun.misc.Unsafe::staticFieldBase will be removed in a future release
[INFO] Scanning for projects...
[INFO] 
[INFO] ---------------------< com.example:meal-vote-bot >----------------------
[INFO] Building meal-vote-bot 1.0.0
[INFO]   from pom.xml
[INFO] --------------------------------[ jar ]---------------------------------
[INFO] 
[INFO] --- resources:3.3.1:resources (default-resources) @ meal-vote-bot ---
[INFO] Copying 4 resources from src\main\resources to target\classes
[INFO] Copying 0 resource from src\main\resources to target\classes
[INFO] 
[INFO] --- compiler:3.11.0:compile (default-compile) @ meal-vote-bot ---
[INFO] Changes detected - recompiling the module! :source
[INFO] Compiling 40 source files with javac [debug release 17] to target\classes
[INFO] /C:/Users/Acer Nitro/IdeaProjects/oshxona/src/main/java/com/example/demo/bot/TelegramMealVoteBot.java: C:\Users\Acer Nitro\IdeaProjects\oshxona\src\main\java\com\example\demo\bot\TelegramMealVoteBot.java uses or overrides a deprecated API.
[INFO] /C:/Users/Acer Nitro/IdeaProjects/oshxona/src/main/java/com/example/demo/bot/TelegramMealVoteBot.java: Recompile with -Xlint:deprecation for details.
[INFO] -------------------------------------------------------------
[ERROR] COMPILATION ERROR : 
[INFO] -------------------------------------------------------------
[ERROR] /C:/Users/Acer Nitro/IdeaProjects/oshxona/src/main/java/com/example/demo/Service/DishService.java:[40,64] incompatible types: java.lang.Object cannot be converted to com.example.demo.entity.Dish
[INFO] 1 error
[INFO] -------------------------------------------------------------
[INFO] ------------------------------------------------------------------------
[INFO] BUILD FAILURE
[INFO] ------------------------------------------------------------------------
[INFO] Total time:  6.615 s
[INFO] Finished at: 2026-04-28T19:26:11+05:00
[INFO] ------------------------------------------------------------------------
[ERROR] Failed to execute goal org.apache.maven.plugins:maven-compiler-plugin:3.11.0:compile (default-compile) on project meal-vote-bot: Compilation failure
[ERROR] /C:/Users/Acer Nitro/IdeaProjects/oshxona/src/main/java/com/example/demo/Service/DishService.java:[40,64] incompatible types: java.lang.Object cannot be converted to com.example.demo.entity.Dish
[ERROR] 
[ERROR] -> [Help 1]
[ERROR] 
[ERROR] To see the full stack trace of the errors, re-run Maven with the -e switch.
[ERROR] Re-run Maven using the -X switch to enable full debug logging.
[ERROR] 
[ERROR] For more information about the errors and possible solutions, please read the following articles:
[ERROR] [Help 1] http://cwiki.apache.org/confluence/display/MAVEN/MojoFailureException
